{
    "test": ["A", "B", "C", ".", ".", ".", "X", "Y", "Z"]
}
